---
source: tests/mod.rs
expression: cal
---
IcalCalendar {
    properties: [
        ContentLine {
            name: "CALSCALE",
            params: ContentLineParams(
                [],
            ),
            value: Some(
                "GREGORIAN",
            ),
        },
        ContentLine {
            name: "PRODID",
            params: ContentLineParams(
                [],
            ),
            value: Some(
                "-//Ximian//NONSGML Evolution Calendar//EN",
            ),
        },
        ContentLine {
            name: "VERSION",
            params: ContentLineParams(
                [],
            ),
            value: Some(
                "2.0",
            ),
        },
    ],
    events: [
        IcalEvent {
            uid: "fa915b604e6e3f36772501ff869439e6a3c5cf67",
            dtstamp: IcalDTSTAMPProperty(
                DateTime(
                    CalDateTime(
                        2025-07-26T11:26:17Olson(
                            UTC,
                        ),
                    ),
                ),
                ContentLineParams(
                    [],
                ),
            ),
            dtstart: IcalDTSTARTProperty(
                Date(
                    CalDate(
                        2025-08-06,
                        Local,
                    ),
                ),
                ContentLineParams(
                    [
                        (
                            "VALUE",
                            [
                                "DATE",
                            ],
                        ),
                    ],
                ),
            ),
            dtend: Some(
                IcalDTENDProperty(
                    Date(
                        CalDate(
                            2025-08-07,
                            Local,
                        ),
                    ),
                    ContentLineParams(
                        [
                            (
                                "VALUE",
                                [
                                    "DATE",
                                ],
                            ),
                        ],
                    ),
                ),
            ),
            duration: None,
            rdates: [],
            rrules: [],
            exdates: [],
            exrules: [],
            recurid: None,
            summary: Some(
                IcalSUMMARYProperty(
                    "sönderzaichän :))",
                    ContentLineParams(
                        [
                            (
                                "X-ASD",
                                [
                                    "ähm",
                                ],
                            ),
                        ],
                    ),
                ),
            ),
            properties: [
                ContentLine {
                    name: "UID",
                    params: ContentLineParams(
                        [],
                    ),
                    value: Some(
                        "fa915b604e6e3f36772501ff869439e6a3c5cf67",
                    ),
                },
                ContentLine {
                    name: "DTSTAMP",
                    params: ContentLineParams(
                        [],
                    ),
                    value: Some(
                        "20250726T112617Z",
                    ),
                },
                ContentLine {
                    name: "DTSTART",
                    params: ContentLineParams(
                        [
                            (
                                "VALUE",
                                [
                                    "DATE",
                                ],
                            ),
                        ],
                    ),
                    value: Some(
                        "20250806",
                    ),
                },
                ContentLine {
                    name: "DTEND",
                    params: ContentLineParams(
                        [
                            (
                                "VALUE",
                                [
                                    "DATE",
                                ],
                            ),
                        ],
                    ),
                    value: Some(
                        "20250807",
                    ),
                },
                ContentLine {
                    name: "SEQUENCE",
                    params: ContentLineParams(
                        [],
                    ),
                    value: Some(
                        "2",
                    ),
                },
                ContentLine {
                    name: "SUMMARY",
                    params: ContentLineParams(
                        [
                            (
                                "X-ASD",
                                [
                                    "ähm",
                                ],
                            ),
                        ],
                    ),
                    value: Some(
                        "sönderzaichän :))",
                    ),
                },
                ContentLine {
                    name: "X-YEET",
                    params: ContentLineParams(
                        [
                            (
                                "X-ASD",
                                [
                                    "äh,,m",
                                ],
                            ),
                        ],
                    ),
                    value: Some(
                        "sönderzaichän :))",
                    ),
                },
                ContentLine {
                    name: "TRANSP",
                    params: ContentLineParams(
                        [],
                    ),
                    value: Some(
                        "OPAQUE",
                    ),
                },
                ContentLine {
                    name: "CLASS",
                    params: ContentLineParams(
                        [],
                    ),
                    value: Some(
                        "PUBLIC",
                    ),
                },
                ContentLine {
                    name: "CREATED",
                    params: ContentLineParams(
                        [],
                    ),
                    value: Some(
                        "20250726T144426Z",
                    ),
                },
                ContentLine {
                    name: "LAST-MODIFIED",
                    params: ContentLineParams(
                        [],
                    ),
                    value: Some(
                        "20250726T144426Z",
                    ),
                },
            ],
            alarms: [],
        },
    ],
    alarms: [],
    todos: [],
    journals: [],
    free_busys: [],
    vtimezones: {},
}
