---
source: tests/mod.rs
expression: card
---
VcardContact {
    uid: None,
    full_name: [
        VcardFNProperty(
            "Alice Foobar",
            ContentLineParams(
                [],
            ),
        ),
    ],
    name: Some(
        VcardNProperty(
            "Foobar;Alice",
            ContentLineParams(
                [],
            ),
        ),
    ),
    birthday: None,
    anniversary: None,
    properties: [
        ContentLine {
            name: "VERSION",
            params: ContentLineParams(
                [],
            ),
            value: Some(
                "4.0",
            ),
        },
        ContentLine {
            name: "FN",
            params: ContentLineParams(
                [],
            ),
            value: Some(
                "Alice Foobar",
            ),
        },
        ContentLine {
            name: "N",
            params: ContentLineParams(
                [],
            ),
            value: Some(
                "Foobar;Alice",
            ),
        },
        ContentLine {
            name: "EMAIL",
            params: ContentLineParams(
                [
                    (
                        "TYPE",
                        [
                            "internet",
                        ],
                    ),
                ],
            ),
            value: Some(
                "alice@example.org",
            ),
        },
    ],
}
