---
source: tests/mod.rs
expression: recurrence.get_inner()
---
Event(
    IcalEvent {
        uid: "459aa1c8ba359d55e03584cbc3ad1e05b2113b79",
        dtstart: DateTime(
            CalDateTime(
                2025-12-30T09:00:00Olson(
                    UTC,
                ),
            ),
        ),
        dtend: Some(
            DateTime(
                CalDateTime(
                    2025-12-30T12:25:00Olson(
                        UTC,
                    ),
                ),
            ),
        ),
        duration: None,
        rdates: [],
        rrules: [],
        exdates: [],
        exrules: [],
        recurid: Some(
            IcalRECURIDProperty(
                DateTime(
                    CalDateTime(
                        2025-12-30T09:00:00Olson(
                            UTC,
                        ),
                    ),
                ),
                This,
            ),
        ),
        properties: [
            ContentLine {
                name: "UID",
                params: [],
                value: Some(
                    "459aa1c8ba359d55e03584cbc3ad1e05b2113b79",
                ),
            },
            ContentLine {
                name: "SEQUENCE",
                params: [],
                value: Some(
                    "3",
                ),
            },
            ContentLine {
                name: "SUMMARY",
                params: [],
                value: Some(
                    "Recurring at 10am\\, last a 11am",
                ),
            },
            ContentLine {
                name: "TRANSP",
                params: [],
                value: Some(
                    "OPAQUE",
                ),
            },
            ContentLine {
                name: "CLASS",
                params: [],
                value: Some(
                    "PUBLIC",
                ),
            },
            ContentLine {
                name: "CREATED",
                params: [],
                value: Some(
                    "20251228T114744Z",
                ),
            },
            ContentLine {
                name: "LAST-MODIFIED",
                params: [],
                value: Some(
                    "20251228T114806Z",
                ),
            },
            ContentLine {
                name: "DTSTART",
                params: [],
                value: Some(
                    "20251230T090000Z",
                ),
            },
            ContentLine {
                name: "DTSTAMP",
                params: [],
                value: Some(
                    "20251230T090000Z",
                ),
            },
            ContentLine {
                name: "RECURRENCE-ID",
                params: [],
                value: Some(
                    "20251230T090000Z",
                ),
            },
            ContentLine {
                name: "DURATION",
                params: [],
                value: Some(
                    "P3H25M",
                ),
            },
        ],
        alarms: [],
    },
    [
        IcalEvent {
            uid: "459aa1c8ba359d55e03584cbc3ad1e05b2113b79",
            dtstart: DateTime(
                CalDateTime(
                    2025-12-31T09:00:00Olson(
                        UTC,
                    ),
                ),
            ),
            dtend: Some(
                DateTime(
                    CalDateTime(
                        2025-12-31T12:25:00Olson(
                            UTC,
                        ),
                    ),
                ),
            ),
            duration: None,
            rdates: [],
            rrules: [],
            exdates: [],
            exrules: [],
            recurid: Some(
                IcalRECURIDProperty(
                    DateTime(
                        CalDateTime(
                            2025-12-31T09:00:00Olson(
                                UTC,
                            ),
                        ),
                    ),
                    This,
                ),
            ),
            properties: [
                ContentLine {
                    name: "UID",
                    params: [],
                    value: Some(
                        "459aa1c8ba359d55e03584cbc3ad1e05b2113b79",
                    ),
                },
                ContentLine {
                    name: "SEQUENCE",
                    params: [],
                    value: Some(
                        "3",
                    ),
                },
                ContentLine {
                    name: "SUMMARY",
                    params: [],
                    value: Some(
                        "Recurring at 10am\\, last a 11am",
                    ),
                },
                ContentLine {
                    name: "TRANSP",
                    params: [],
                    value: Some(
                        "OPAQUE",
                    ),
                },
                ContentLine {
                    name: "CLASS",
                    params: [],
                    value: Some(
                        "PUBLIC",
                    ),
                },
                ContentLine {
                    name: "CREATED",
                    params: [],
                    value: Some(
                        "20251228T114744Z",
                    ),
                },
                ContentLine {
                    name: "LAST-MODIFIED",
                    params: [],
                    value: Some(
                        "20251228T114806Z",
                    ),
                },
                ContentLine {
                    name: "DTSTART",
                    params: [],
                    value: Some(
                        "20251231T090000Z",
                    ),
                },
                ContentLine {
                    name: "DTSTAMP",
                    params: [],
                    value: Some(
                        "20251230T090000Z",
                    ),
                },
                ContentLine {
                    name: "RECURRENCE-ID",
                    params: [],
                    value: Some(
                        "20251231T090000Z",
                    ),
                },
                ContentLine {
                    name: "DURATION",
                    params: [],
                    value: Some(
                        "P3H25M",
                    ),
                },
            ],
            alarms: [],
        },
        IcalEvent {
            uid: "459aa1c8ba359d55e03584cbc3ad1e05b2113b79",
            dtstart: DateTime(
                CalDateTime(
                    2026-01-01T09:00:00Olson(
                        UTC,
                    ),
                ),
            ),
            dtend: Some(
                DateTime(
                    CalDateTime(
                        2026-01-01T12:25:00Olson(
                            UTC,
                        ),
                    ),
                ),
            ),
            duration: None,
            rdates: [],
            rrules: [],
            exdates: [],
            exrules: [],
            recurid: Some(
                IcalRECURIDProperty(
                    DateTime(
                        CalDateTime(
                            2026-01-01T09:00:00Olson(
                                UTC,
                            ),
                        ),
                    ),
                    This,
                ),
            ),
            properties: [
                ContentLine {
                    name: "UID",
                    params: [],
                    value: Some(
                        "459aa1c8ba359d55e03584cbc3ad1e05b2113b79",
                    ),
                },
                ContentLine {
                    name: "SEQUENCE",
                    params: [],
                    value: Some(
                        "3",
                    ),
                },
                ContentLine {
                    name: "SUMMARY",
                    params: [],
                    value: Some(
                        "Recurring at 10am\\, last a 11am",
                    ),
                },
                ContentLine {
                    name: "TRANSP",
                    params: [],
                    value: Some(
                        "OPAQUE",
                    ),
                },
                ContentLine {
                    name: "CLASS",
                    params: [],
                    value: Some(
                        "PUBLIC",
                    ),
                },
                ContentLine {
                    name: "CREATED",
                    params: [],
                    value: Some(
                        "20251228T114744Z",
                    ),
                },
                ContentLine {
                    name: "LAST-MODIFIED",
                    params: [],
                    value: Some(
                        "20251228T114806Z",
                    ),
                },
                ContentLine {
                    name: "DTSTART",
                    params: [],
                    value: Some(
                        "20260101T090000Z",
                    ),
                },
                ContentLine {
                    name: "DTSTAMP",
                    params: [],
                    value: Some(
                        "20251230T090000Z",
                    ),
                },
                ContentLine {
                    name: "RECURRENCE-ID",
                    params: [],
                    value: Some(
                        "20260101T090000Z",
                    ),
                },
                ContentLine {
                    name: "DURATION",
                    params: [],
                    value: Some(
                        "P3H25M",
                    ),
                },
            ],
            alarms: [],
        },
        IcalEvent {
            uid: "459aa1c8ba359d55e03584cbc3ad1e05b2113b79",
            dtstart: DateTime(
                CalDateTime(
                    2026-01-02T10:00:00Olson(
                        UTC,
                    ),
                ),
            ),
            dtend: Some(
                DateTime(
                    CalDateTime(
                        2026-01-02T12:25:00Olson(
                            UTC,
                        ),
                    ),
                ),
            ),
            duration: None,
            rdates: [],
            rrules: [],
            exdates: [],
            exrules: [],
            recurid: Some(
                IcalRECURIDProperty(
                    DateTime(
                        CalDateTime(
                            2026-01-02T09:00:00Olson(
                                UTC,
                            ),
                        ),
                    ),
                    This,
                ),
            ),
            properties: [
                ContentLine {
                    name: "UID",
                    params: [],
                    value: Some(
                        "459aa1c8ba359d55e03584cbc3ad1e05b2113b79",
                    ),
                },
                ContentLine {
                    name: "SEQUENCE",
                    params: [],
                    value: Some(
                        "4",
                    ),
                },
                ContentLine {
                    name: "SUMMARY",
                    params: [],
                    value: Some(
                        "Recurring at 10am\\, last a 11am",
                    ),
                },
                ContentLine {
                    name: "TRANSP",
                    params: [],
                    value: Some(
                        "OPAQUE",
                    ),
                },
                ContentLine {
                    name: "CLASS",
                    params: [],
                    value: Some(
                        "PUBLIC",
                    ),
                },
                ContentLine {
                    name: "CREATED",
                    params: [],
                    value: Some(
                        "20251228T114744Z",
                    ),
                },
                ContentLine {
                    name: "LAST-MODIFIED",
                    params: [],
                    value: Some(
                        "20251228T114818Z",
                    ),
                },
                ContentLine {
                    name: "RECURRENCE-ID",
                    params: [],
                    value: Some(
                        "20260102T090000Z",
                    ),
                },
                ContentLine {
                    name: "DTSTART",
                    params: [],
                    value: Some(
                        "20260102T100000Z",
                    ),
                },
                ContentLine {
                    name: "DTSTAMP",
                    params: [],
                    value: Some(
                        "20260102T100000Z",
                    ),
                },
                ContentLine {
                    name: "DTEND",
                    params: [],
                    value: Some(
                        "20260102T122500Z",
                    ),
                },
            ],
            alarms: [],
        },
    ],
)
