---
source: tests/mod.rs
expression: cal
---
IcalCalendar {
    properties: [
        ContentLine {
            name: "VERSION",
            params: ContentLineParams(
                [],
            ),
            value: Some(
                "2.0",
            ),
        },
        ContentLine {
            name: "CALSCALE",
            params: ContentLineParams(
                [],
            ),
            value: Some(
                "GREGORIAN",
            ),
        },
        ContentLine {
            name: "PRODID",
            params: ContentLineParams(
                [],
            ),
            value: Some(
                "-//SabreDAV//SabreDAV//EN",
            ),
        },
        ContentLine {
            name: "X-WR-CALNAME",
            params: ContentLineParams(
                [],
            ),
            value: Some(
                "icalTest",
            ),
        },
        ContentLine {
            name: "X-APPLE-CALENDAR-COLOR",
            params: ContentLineParams(
                [],
            ),
            value: Some(
                "#D09E6D",
            ),
        },
        ContentLine {
            name: "REFRESH-INTERVAL",
            params: ContentLineParams(
                [
                    (
                        "VALUE",
                        [
                            "DURATION",
                        ],
                    ),
                ],
            ),
            value: Some(
                "PT4H",
            ),
        },
        ContentLine {
            name: "X-PUBLISHED-TTL",
            params: ContentLineParams(
                [],
            ),
            value: Some(
                "PT4H",
            ),
        },
    ],
    events: [
        IcalEvent {
            uid: "6fb8cdb4-d333-4a4f-99a5-2d32d0c701f9",
            dtstamp: IcalDTSTAMPProperty(
                DateTime(
                    CalDateTime(
                        2020-12-04T08:22:57Olson(
                            UTC,
                        ),
                    ),
                ),
                ContentLineParams(
                    [],
                ),
            ),
            dtstart: IcalDTSTARTProperty(
                DateTime(
                    CalDateTime(
                        2020-12-23T20:30:00Olson(
                            CET,
                        ),
                    ),
                ),
                ContentLineParams(
                    [
                        (
                            "TZID",
                            [
                                "Europe/Berlin",
                            ],
                        ),
                    ],
                ),
            ),
            dtend: Some(
                IcalDTENDProperty(
                    DateTime(
                        CalDateTime(
                            2020-12-23T22:30:00Olson(
                                CET,
                            ),
                        ),
                    ),
                    ContentLineParams(
                        [
                            (
                                "TZID",
                                [
                                    "Europe/Berlin",
                                ],
                            ),
                        ],
                    ),
                ),
            ),
            duration: None,
            rdates: [],
            rrules: [],
            exdates: [],
            exrules: [],
            recurid: None,
            summary: Some(
                IcalSUMMARYProperty(
                    "Geschenke einpacken",
                    ContentLineParams(
                        [],
                    ),
                ),
            ),
            properties: [
                ContentLine {
                    name: "CREATED",
                    params: ContentLineParams(
                        [],
                    ),
                    value: Some(
                        "20201204T082156Z",
                    ),
                },
                ContentLine {
                    name: "DTSTAMP",
                    params: ContentLineParams(
                        [],
                    ),
                    value: Some(
                        "20201204T082257Z",
                    ),
                },
                ContentLine {
                    name: "LAST-MODIFIED",
                    params: ContentLineParams(
                        [],
                    ),
                    value: Some(
                        "20201204T082257Z",
                    ),
                },
                ContentLine {
                    name: "SEQUENCE",
                    params: ContentLineParams(
                        [],
                    ),
                    value: Some(
                        "2",
                    ),
                },
                ContentLine {
                    name: "UID",
                    params: ContentLineParams(
                        [],
                    ),
                    value: Some(
                        "6fb8cdb4-d333-4a4f-99a5-2d32d0c701f9",
                    ),
                },
                ContentLine {
                    name: "DTSTART",
                    params: ContentLineParams(
                        [
                            (
                                "TZID",
                                [
                                    "Europe/Berlin",
                                ],
                            ),
                        ],
                    ),
                    value: Some(
                        "20201223T203000",
                    ),
                },
                ContentLine {
                    name: "DTEND",
                    params: ContentLineParams(
                        [
                            (
                                "TZID",
                                [
                                    "Europe/Berlin",
                                ],
                            ),
                        ],
                    ),
                    value: Some(
                        "20201223T223000",
                    ),
                },
                ContentLine {
                    name: "SUMMARY",
                    params: ContentLineParams(
                        [],
                    ),
                    value: Some(
                        "Geschenke einpacken",
                    ),
                },
                ContentLine {
                    name: "LOCATION",
                    params: ContentLineParams(
                        [],
                    ),
                    value: Some(
                        "Arbeitszimmer",
                    ),
                },
                ContentLine {
                    name: "CATEGORIES",
                    params: ContentLineParams(
                        [],
                    ),
                    value: Some(
                        "XMas",
                    ),
                },
            ],
            alarms: [
                IcalAlarm {
                    properties: [
                        ContentLine {
                            name: "ACTION",
                            params: ContentLineParams(
                                [],
                            ),
                            value: Some(
                                "DISPLAY",
                            ),
                        },
                        ContentLine {
                            name: "TRIGGER",
                            params: ContentLineParams(
                                [
                                    (
                                        "RELATED",
                                        [
                                            "START",
                                        ],
                                    ),
                                ],
                            ),
                            value: Some(
                                "-PT5M",
                            ),
                        },
                    ],
                },
            ],
        },
        IcalEvent {
            uid: "6bec1263-c5f4-4446-8a0c-10d960a6e06e",
            dtstamp: IcalDTSTAMPProperty(
                DateTime(
                    CalDateTime(
                        2020-12-04T08:21:07Olson(
                            UTC,
                        ),
                    ),
                ),
                ContentLineParams(
                    [],
                ),
            ),
            dtstart: IcalDTSTARTProperty(
                DateTime(
                    CalDateTime(
                        2020-12-25T15:00:00Olson(
                            CET,
                        ),
                    ),
                ),
                ContentLineParams(
                    [
                        (
                            "TZID",
                            [
                                "Europe/Berlin",
                            ],
                        ),
                    ],
                ),
            ),
            dtend: Some(
                IcalDTENDProperty(
                    DateTime(
                        CalDateTime(
                            2020-12-25T22:30:00Olson(
                                CET,
                            ),
                        ),
                    ),
                    ContentLineParams(
                        [
                            (
                                "TZID",
                                [
                                    "Europe/Berlin",
                                ],
                            ),
                        ],
                    ),
                ),
            ),
            duration: None,
            rdates: [],
            rrules: [],
            exdates: [],
            exrules: [],
            recurid: None,
            summary: Some(
                IcalSUMMARYProperty(
                    "Risiko spielen",
                    ContentLineParams(
                        [],
                    ),
                ),
            ),
            properties: [
                ContentLine {
                    name: "CREATED",
                    params: ContentLineParams(
                        [],
                    ),
                    value: Some(
                        "20201204T082021Z",
                    ),
                },
                ContentLine {
                    name: "DTSTAMP",
                    params: ContentLineParams(
                        [],
                    ),
                    value: Some(
                        "20201204T082107Z",
                    ),
                },
                ContentLine {
                    name: "LAST-MODIFIED",
                    params: ContentLineParams(
                        [],
                    ),
                    value: Some(
                        "20201204T082107Z",
                    ),
                },
                ContentLine {
                    name: "SEQUENCE",
                    params: ContentLineParams(
                        [],
                    ),
                    value: Some(
                        "2",
                    ),
                },
                ContentLine {
                    name: "UID",
                    params: ContentLineParams(
                        [],
                    ),
                    value: Some(
                        "6bec1263-c5f4-4446-8a0c-10d960a6e06e",
                    ),
                },
                ContentLine {
                    name: "DTSTART",
                    params: ContentLineParams(
                        [
                            (
                                "TZID",
                                [
                                    "Europe/Berlin",
                                ],
                            ),
                        ],
                    ),
                    value: Some(
                        "20201225T150000",
                    ),
                },
                ContentLine {
                    name: "DTEND",
                    params: ContentLineParams(
                        [
                            (
                                "TZID",
                                [
                                    "Europe/Berlin",
                                ],
                            ),
                        ],
                    ),
                    value: Some(
                        "20201225T223000",
                    ),
                },
                ContentLine {
                    name: "SUMMARY",
                    params: ContentLineParams(
                        [],
                    ),
                    value: Some(
                        "Risiko spielen",
                    ),
                },
            ],
            alarms: [],
        },
        IcalEvent {
            uid: "e5e8ce2a-4881-402f-9e85-1a35b4fe11d1",
            dtstamp: IcalDTSTAMPProperty(
                DateTime(
                    CalDateTime(
                        2020-12-04T08:23:58Olson(
                            UTC,
                        ),
                    ),
                ),
                ContentLineParams(
                    [],
                ),
            ),
            dtstart: IcalDTSTARTProperty(
                DateTime(
                    CalDateTime(
                        2020-12-24T10:00:00Olson(
                            CET,
                        ),
                    ),
                ),
                ContentLineParams(
                    [
                        (
                            "TZID",
                            [
                                "Europe/Berlin",
                            ],
                        ),
                    ],
                ),
            ),
            dtend: Some(
                IcalDTENDProperty(
                    DateTime(
                        CalDateTime(
                            2020-12-24T11:00:00Olson(
                                CET,
                            ),
                        ),
                    ),
                    ContentLineParams(
                        [
                            (
                                "TZID",
                                [
                                    "Europe/Berlin",
                                ],
                            ),
                        ],
                    ),
                ),
            ),
            duration: None,
            rdates: [],
            rrules: [],
            exdates: [],
            exrules: [],
            recurid: None,
            summary: Some(
                IcalSUMMARYProperty(
                    "Weihnachten vorbereiten",
                    ContentLineParams(
                        [],
                    ),
                ),
            ),
            properties: [
                ContentLine {
                    name: "CREATED",
                    params: ContentLineParams(
                        [],
                    ),
                    value: Some(
                        "20201204T081751Z",
                    ),
                },
                ContentLine {
                    name: "DTSTAMP",
                    params: ContentLineParams(
                        [],
                    ),
                    value: Some(
                        "20201204T082358Z",
                    ),
                },
                ContentLine {
                    name: "LAST-MODIFIED",
                    params: ContentLineParams(
                        [],
                    ),
                    value: Some(
                        "20201204T082358Z",
                    ),
                },
                ContentLine {
                    name: "SEQUENCE",
                    params: ContentLineParams(
                        [],
                    ),
                    value: Some(
                        "3",
                    ),
                },
                ContentLine {
                    name: "UID",
                    params: ContentLineParams(
                        [],
                    ),
                    value: Some(
                        "e5e8ce2a-4881-402f-9e85-1a35b4fe11d1",
                    ),
                },
                ContentLine {
                    name: "DTSTART",
                    params: ContentLineParams(
                        [
                            (
                                "TZID",
                                [
                                    "Europe/Berlin",
                                ],
                            ),
                        ],
                    ),
                    value: Some(
                        "20201224T100000",
                    ),
                },
                ContentLine {
                    name: "DTEND",
                    params: ContentLineParams(
                        [
                            (
                                "TZID",
                                [
                                    "Europe/Berlin",
                                ],
                            ),
                        ],
                    ),
                    value: Some(
                        "20201224T110000",
                    ),
                },
                ContentLine {
                    name: "SUMMARY",
                    params: ContentLineParams(
                        [],
                    ),
                    value: Some(
                        "Weihnachten vorbereiten",
                    ),
                },
                ContentLine {
                    name: "LOCATION",
                    params: ContentLineParams(
                        [],
                    ),
                    value: Some(
                        "Wohnzimmer\\, Zuhause",
                    ),
                },
                ContentLine {
                    name: "DESCRIPTION",
                    params: ContentLineParams(
                        [],
                    ),
                    value: Some(
                        "Baum rein\\, Einstiehlen und Schmücken\\,",
                    ),
                },
                ContentLine {
                    name: "CATEGORIES",
                    params: ContentLineParams(
                        [],
                    ),
                    value: Some(
                        "xmas",
                    ),
                },
            ],
            alarms: [],
        },
    ],
    alarms: [],
    todos: [],
    journals: [],
    free_busys: [],
    vtimezones: {
        "Europe/Berlin": IcalTimeZone {
            properties: [
                ContentLine {
                    name: "TZID",
                    params: ContentLineParams(
                        [],
                    ),
                    value: Some(
                        "Europe/Berlin",
                    ),
                },
            ],
            transitions: [
                IcalTimeZoneTransition {
                    transition: DAYLIGHT,
                    properties: [
                        ContentLine {
                            name: "TZOFFSETFROM",
                            params: ContentLineParams(
                                [],
                            ),
                            value: Some(
                                "+0100",
                            ),
                        },
                        ContentLine {
                            name: "TZOFFSETTO",
                            params: ContentLineParams(
                                [],
                            ),
                            value: Some(
                                "+0200",
                            ),
                        },
                        ContentLine {
                            name: "TZNAME",
                            params: ContentLineParams(
                                [],
                            ),
                            value: Some(
                                "CEST",
                            ),
                        },
                        ContentLine {
                            name: "DTSTART",
                            params: ContentLineParams(
                                [],
                            ),
                            value: Some(
                                "19700329T020000",
                            ),
                        },
                        ContentLine {
                            name: "RRULE",
                            params: ContentLineParams(
                                [],
                            ),
                            value: Some(
                                "FREQ=YEARLY;BYMONTH=3;BYDAY=-1SU",
                            ),
                        },
                    ],
                },
                IcalTimeZoneTransition {
                    transition: STANDARD,
                    properties: [
                        ContentLine {
                            name: "TZOFFSETFROM",
                            params: ContentLineParams(
                                [],
                            ),
                            value: Some(
                                "+0200",
                            ),
                        },
                        ContentLine {
                            name: "TZOFFSETTO",
                            params: ContentLineParams(
                                [],
                            ),
                            value: Some(
                                "+0100",
                            ),
                        },
                        ContentLine {
                            name: "TZNAME",
                            params: ContentLineParams(
                                [],
                            ),
                            value: Some(
                                "CET",
                            ),
                        },
                        ContentLine {
                            name: "DTSTART",
                            params: ContentLineParams(
                                [],
                            ),
                            value: Some(
                                "19701025T030000",
                            ),
                        },
                        ContentLine {
                            name: "RRULE",
                            params: ContentLineParams(
                                [],
                            ),
                            value: Some(
                                "FREQ=YEARLY;BYMONTH=10;BYDAY=-1SU",
                            ),
                        },
                    ],
                },
            ],
        },
    },
    timezones: {
        "Europe/Berlin": Some(
            Europe/Berlin,
        ),
    },
}
