---
source: tests/mod.rs
expression: cal
---
IcalCalendar {
    properties: [
        ContentLine {
            name: "VERSION",
            params: [],
            value: Some(
                "2.0",
            ),
        },
        ContentLine {
            name: "CALSCALE",
            params: [],
            value: Some(
                "GREGORIAN",
            ),
        },
        ContentLine {
            name: "PRODID",
            params: [],
            value: Some(
                "-//SabreDAV//SabreDAV//EN",
            ),
        },
        ContentLine {
            name: "X-WR-CALNAME",
            params: [],
            value: Some(
                "icalTest",
            ),
        },
        ContentLine {
            name: "X-APPLE-CALENDAR-COLOR",
            params: [],
            value: Some(
                "#D09E6D",
            ),
        },
        ContentLine {
            name: "REFRESH-INTERVAL",
            params: [
                (
                    "VALUE",
                    [
                        "DURATION",
                    ],
                ),
            ],
            value: Some(
                "PT4H",
            ),
        },
        ContentLine {
            name: "X-PUBLISHED-TTL",
            params: [],
            value: Some(
                "PT4H",
            ),
        },
    ],
    events: [
        IcalEvent {
            uid: "6fb8cdb4-d333-4a4f-99a5-2d32d0c701f9",
            recurid: None,
            properties: [
                ContentLine {
                    name: "CREATED",
                    params: [],
                    value: Some(
                        "20201204T082156Z",
                    ),
                },
                ContentLine {
                    name: "DTSTAMP",
                    params: [],
                    value: Some(
                        "20201204T082257Z",
                    ),
                },
                ContentLine {
                    name: "LAST-MODIFIED",
                    params: [],
                    value: Some(
                        "20201204T082257Z",
                    ),
                },
                ContentLine {
                    name: "SEQUENCE",
                    params: [],
                    value: Some(
                        "2",
                    ),
                },
                ContentLine {
                    name: "UID",
                    params: [],
                    value: Some(
                        "6fb8cdb4-d333-4a4f-99a5-2d32d0c701f9",
                    ),
                },
                ContentLine {
                    name: "DTSTART",
                    params: [
                        (
                            "TZID",
                            [
                                "Europe/Berlin",
                            ],
                        ),
                    ],
                    value: Some(
                        "20201223T203000",
                    ),
                },
                ContentLine {
                    name: "DTEND",
                    params: [
                        (
                            "TZID",
                            [
                                "Europe/Berlin",
                            ],
                        ),
                    ],
                    value: Some(
                        "20201223T223000",
                    ),
                },
                ContentLine {
                    name: "SUMMARY",
                    params: [],
                    value: Some(
                        "Geschenke einpacken",
                    ),
                },
                ContentLine {
                    name: "LOCATION",
                    params: [],
                    value: Some(
                        "Arbeitszimmer",
                    ),
                },
                ContentLine {
                    name: "CATEGORIES",
                    params: [],
                    value: Some(
                        "XMas",
                    ),
                },
            ],
            alarms: [
                IcalAlarm {
                    properties: [
                        ContentLine {
                            name: "ACTION",
                            params: [],
                            value: Some(
                                "DISPLAY",
                            ),
                        },
                        ContentLine {
                            name: "TRIGGER",
                            params: [
                                (
                                    "RELATED",
                                    [
                                        "START",
                                    ],
                                ),
                            ],
                            value: Some(
                                "-PT5M",
                            ),
                        },
                    ],
                },
            ],
        },
        IcalEvent {
            uid: "6bec1263-c5f4-4446-8a0c-10d960a6e06e",
            recurid: None,
            properties: [
                ContentLine {
                    name: "CREATED",
                    params: [],
                    value: Some(
                        "20201204T082021Z",
                    ),
                },
                ContentLine {
                    name: "DTSTAMP",
                    params: [],
                    value: Some(
                        "20201204T082107Z",
                    ),
                },
                ContentLine {
                    name: "LAST-MODIFIED",
                    params: [],
                    value: Some(
                        "20201204T082107Z",
                    ),
                },
                ContentLine {
                    name: "SEQUENCE",
                    params: [],
                    value: Some(
                        "2",
                    ),
                },
                ContentLine {
                    name: "UID",
                    params: [],
                    value: Some(
                        "6bec1263-c5f4-4446-8a0c-10d960a6e06e",
                    ),
                },
                ContentLine {
                    name: "DTSTART",
                    params: [
                        (
                            "TZID",
                            [
                                "Europe/Berlin",
                            ],
                        ),
                    ],
                    value: Some(
                        "20201225T150000",
                    ),
                },
                ContentLine {
                    name: "DTEND",
                    params: [
                        (
                            "TZID",
                            [
                                "Europe/Berlin",
                            ],
                        ),
                    ],
                    value: Some(
                        "20201225T223000",
                    ),
                },
                ContentLine {
                    name: "SUMMARY",
                    params: [],
                    value: Some(
                        "Risiko spielen",
                    ),
                },
            ],
            alarms: [],
        },
        IcalEvent {
            uid: "e5e8ce2a-4881-402f-9e85-1a35b4fe11d1",
            recurid: None,
            properties: [
                ContentLine {
                    name: "CREATED",
                    params: [],
                    value: Some(
                        "20201204T081751Z",
                    ),
                },
                ContentLine {
                    name: "DTSTAMP",
                    params: [],
                    value: Some(
                        "20201204T082358Z",
                    ),
                },
                ContentLine {
                    name: "LAST-MODIFIED",
                    params: [],
                    value: Some(
                        "20201204T082358Z",
                    ),
                },
                ContentLine {
                    name: "SEQUENCE",
                    params: [],
                    value: Some(
                        "3",
                    ),
                },
                ContentLine {
                    name: "UID",
                    params: [],
                    value: Some(
                        "e5e8ce2a-4881-402f-9e85-1a35b4fe11d1",
                    ),
                },
                ContentLine {
                    name: "DTSTART",
                    params: [
                        (
                            "TZID",
                            [
                                "Europe/Berlin",
                            ],
                        ),
                    ],
                    value: Some(
                        "20201224T100000",
                    ),
                },
                ContentLine {
                    name: "DTEND",
                    params: [
                        (
                            "TZID",
                            [
                                "Europe/Berlin",
                            ],
                        ),
                    ],
                    value: Some(
                        "20201224T110000",
                    ),
                },
                ContentLine {
                    name: "SUMMARY",
                    params: [],
                    value: Some(
                        "Weihnachten vorbereiten",
                    ),
                },
                ContentLine {
                    name: "LOCATION",
                    params: [],
                    value: Some(
                        "Wohnzimmer\\, Zuhause",
                    ),
                },
                ContentLine {
                    name: "DESCRIPTION",
                    params: [],
                    value: Some(
                        "Baum rein\\, Einstiehlen und Schmücken\\,",
                    ),
                },
                ContentLine {
                    name: "CATEGORIES",
                    params: [],
                    value: Some(
                        "xmas",
                    ),
                },
            ],
            alarms: [],
        },
    ],
    alarms: [],
    todos: [],
    journals: [],
    free_busys: [],
    vtimezones: [
        IcalTimeZone {
            properties: [
                ContentLine {
                    name: "TZID",
                    params: [],
                    value: Some(
                        "Europe/Berlin",
                    ),
                },
            ],
            transitions: [
                IcalTimeZoneTransition {
                    transition: DAYLIGHT,
                    properties: [
                        ContentLine {
                            name: "TZOFFSETFROM",
                            params: [],
                            value: Some(
                                "+0100",
                            ),
                        },
                        ContentLine {
                            name: "TZOFFSETTO",
                            params: [],
                            value: Some(
                                "+0200",
                            ),
                        },
                        ContentLine {
                            name: "TZNAME",
                            params: [],
                            value: Some(
                                "CEST",
                            ),
                        },
                        ContentLine {
                            name: "DTSTART",
                            params: [],
                            value: Some(
                                "19700329T020000",
                            ),
                        },
                        ContentLine {
                            name: "RRULE",
                            params: [],
                            value: Some(
                                "FREQ=YEARLY;BYMONTH=3;BYDAY=-1SU",
                            ),
                        },
                    ],
                },
                IcalTimeZoneTransition {
                    transition: STANDARD,
                    properties: [
                        ContentLine {
                            name: "TZOFFSETFROM",
                            params: [],
                            value: Some(
                                "+0200",
                            ),
                        },
                        ContentLine {
                            name: "TZOFFSETTO",
                            params: [],
                            value: Some(
                                "+0100",
                            ),
                        },
                        ContentLine {
                            name: "TZNAME",
                            params: [],
                            value: Some(
                                "CET",
                            ),
                        },
                        ContentLine {
                            name: "DTSTART",
                            params: [],
                            value: Some(
                                "19701025T030000",
                            ),
                        },
                        ContentLine {
                            name: "RRULE",
                            params: [],
                            value: Some(
                                "FREQ=YEARLY;BYMONTH=10;BYDAY=-1SU",
                            ),
                        },
                    ],
                },
            ],
        },
    ],
}
