---
source: tests/mod.rs
expression: cal
---
IcalCalendar {
    properties: [
        ContentLine {
            name: "CALSCALE",
            params: ContentLineParams(
                [],
            ),
            value: Some(
                "GREGORIAN",
            ),
        },
        ContentLine {
            name: "PRODID",
            params: ContentLineParams(
                [],
            ),
            value: Some(
                "-//Ximian//NONSGML Evolution Calendar//EN",
            ),
        },
        ContentLine {
            name: "VERSION",
            params: ContentLineParams(
                [],
            ),
            value: Some(
                "2.0",
            ),
        },
    ],
    events: [
        IcalEvent {
            uid: "eb93535004f863c4e7a39b8b18daa6db3b353348",
            dtstamp: IcalDTSTAMPProperty(
                DateTime(
                    CalDateTime(
                        2025-07-23T19:12:44Olson(
                            UTC,
                        ),
                    ),
                ),
                ContentLineParams(
                    [],
                ),
            ),
            dtstart: IcalDTSTARTProperty(
                DateTime(
                    CalDateTime(
                        2025-07-23T21:00:00Olson(
                            CEST,
                        ),
                    ),
                ),
                ContentLineParams(
                    [
                        (
                            "TZID",
                            [
                                "Europe/Berlin",
                            ],
                        ),
                    ],
                ),
            ),
            dtend: Some(
                IcalDTENDProperty(
                    DateTime(
                        CalDateTime(
                            2025-07-23T21:25:00Olson(
                                CEST,
                            ),
                        ),
                    ),
                    ContentLineParams(
                        [
                            (
                                "TZID",
                                [
                                    "Europe/Berlin",
                                ],
                            ),
                        ],
                    ),
                ),
            ),
            duration: None,
            rdates: [],
            rrules: [],
            exdates: [],
            exrules: [],
            recurid: None,
            summary: Some(
                IcalSUMMARYProperty(
                    "something with rrule",
                    ContentLineParams(
                        [],
                    ),
                ),
            ),
            properties: [
                ContentLine {
                    name: "UID",
                    params: ContentLineParams(
                        [],
                    ),
                    value: Some(
                        "eb93535004f863c4e7a39b8b18daa6db3b353348",
                    ),
                },
                ContentLine {
                    name: "DTSTAMP",
                    params: ContentLineParams(
                        [],
                    ),
                    value: Some(
                        "20250723T191244Z",
                    ),
                },
                ContentLine {
                    name: "DTSTART",
                    params: ContentLineParams(
                        [
                            (
                                "TZID",
                                [
                                    "Europe/Berlin",
                                ],
                            ),
                        ],
                    ),
                    value: Some(
                        "20250723T210000",
                    ),
                },
                ContentLine {
                    name: "DTEND",
                    params: ContentLineParams(
                        [
                            (
                                "TZID",
                                [
                                    "Europe/Berlin",
                                ],
                            ),
                        ],
                    ),
                    value: Some(
                        "20250723T212500",
                    ),
                },
                ContentLine {
                    name: "SEQUENCE",
                    params: ContentLineParams(
                        [],
                    ),
                    value: Some(
                        "2",
                    ),
                },
                ContentLine {
                    name: "SUMMARY",
                    params: ContentLineParams(
                        [],
                    ),
                    value: Some(
                        "something with rrule",
                    ),
                },
                ContentLine {
                    name: "TRANSP",
                    params: ContentLineParams(
                        [],
                    ),
                    value: Some(
                        "OPAQUE",
                    ),
                },
                ContentLine {
                    name: "CLASS",
                    params: ContentLineParams(
                        [],
                    ),
                    value: Some(
                        "PUBLIC",
                    ),
                },
                ContentLine {
                    name: "CREATED",
                    params: ContentLineParams(
                        [],
                    ),
                    value: Some(
                        "20250723T191256Z",
                    ),
                },
                ContentLine {
                    name: "LAST-MODIFIED",
                    params: ContentLineParams(
                        [],
                    ),
                    value: Some(
                        "20250723T191256Z",
                    ),
                },
            ],
            alarms: [],
        },
    ],
    alarms: [],
    todos: [],
    journals: [],
    free_busys: [],
    vtimezones: {
        "Europe/Berlin": IcalTimeZone {
            properties: [
                ContentLine {
                    name: "TZID",
                    params: ContentLineParams(
                        [],
                    ),
                    value: Some(
                        "Europe/Berlin",
                    ),
                },
                ContentLine {
                    name: "X-LIC-LOCATION",
                    params: ContentLineParams(
                        [],
                    ),
                    value: Some(
                        "Europe/Berlin",
                    ),
                },
            ],
            transitions: [
                IcalTimeZoneTransition {
                    transition: DAYLIGHT,
                    properties: [
                        ContentLine {
                            name: "TZNAME",
                            params: ContentLineParams(
                                [],
                            ),
                            value: Some(
                                "CEST",
                            ),
                        },
                        ContentLine {
                            name: "TZOFFSETFROM",
                            params: ContentLineParams(
                                [],
                            ),
                            value: Some(
                                "+0100",
                            ),
                        },
                        ContentLine {
                            name: "TZOFFSETTO",
                            params: ContentLineParams(
                                [],
                            ),
                            value: Some(
                                "+0200",
                            ),
                        },
                        ContentLine {
                            name: "DTSTART",
                            params: ContentLineParams(
                                [],
                            ),
                            value: Some(
                                "19810329T020000",
                            ),
                        },
                        ContentLine {
                            name: "RRULE",
                            params: ContentLineParams(
                                [],
                            ),
                            value: Some(
                                "FREQ=YEARLY;UNTIL=20370329T010000Z;BYDAY=-1SU;BYMONTH=3",
                            ),
                        },
                    ],
                },
                IcalTimeZoneTransition {
                    transition: STANDARD,
                    properties: [
                        ContentLine {
                            name: "TZNAME",
                            params: ContentLineParams(
                                [],
                            ),
                            value: Some(
                                "CET",
                            ),
                        },
                        ContentLine {
                            name: "TZOFFSETFROM",
                            params: ContentLineParams(
                                [],
                            ),
                            value: Some(
                                "+0200",
                            ),
                        },
                        ContentLine {
                            name: "TZOFFSETTO",
                            params: ContentLineParams(
                                [],
                            ),
                            value: Some(
                                "+0100",
                            ),
                        },
                        ContentLine {
                            name: "DTSTART",
                            params: ContentLineParams(
                                [],
                            ),
                            value: Some(
                                "19961027T030000",
                            ),
                        },
                        ContentLine {
                            name: "RRULE",
                            params: ContentLineParams(
                                [],
                            ),
                            value: Some(
                                "FREQ=YEARLY;UNTIL=20361026T010000Z;BYDAY=-1SU;BYMONTH=10",
                            ),
                        },
                    ],
                },
            ],
        },
    },
}
