---
source: tests/mod.rs
expression: cal
---
IcalCalendar {
    properties: [
        ContentLine {
            name: "CALSCALE",
            params: [],
            value: Some(
                "GREGORIAN",
            ),
        },
        ContentLine {
            name: "PRODID",
            params: [],
            value: Some(
                "-//Example Inc.//Example Calendar//EN",
            ),
        },
        ContentLine {
            name: "VERSION",
            params: [],
            value: Some(
                "2.0",
            ),
        },
    ],
    events: [
        IcalEvent {
            uid: "4088E990AD89CB3DBB484909",
            recurid: None,
            properties: [
                ContentLine {
                    name: "DTSTAMP",
                    params: [],
                    value: Some(
                        "20080205T191224Z",
                    ),
                },
                ContentLine {
                    name: "DTSTART",
                    params: [
                        (
                            "VALUE",
                            [
                                "DATE",
                            ],
                        ),
                    ],
                    value: Some(
                        "20081006",
                    ),
                },
                ContentLine {
                    name: "SUMMARY",
                    params: [],
                    value: Some(
                        "Planning meeting",
                    ),
                },
                ContentLine {
                    name: "UID",
                    params: [],
                    value: Some(
                        "4088E990AD89CB3DBB484909",
                    ),
                },
            ],
            alarms: [
                IcalAlarm {
                    properties: [
                        ContentLine {
                            name: "SUMMARY",
                            params: [],
                            value: Some(
                                "escaped\\, comma and\\; semicolon\\nnewline",
                            ),
                        },
                    ],
                },
            ],
        },
    ],
    alarms: [],
    todos: [],
    journals: [],
    free_busys: [],
    vtimezones: [],
}
