---
source: tests/mod.rs
expression: cal
---
IcalCalendar {
    properties: [
        ContentLine {
            name: "PRODID",
            params: [],
            value: Some(
                "-//Ximian//NONSGML Evolution Calendar//EN",
            ),
        },
        ContentLine {
            name: "VERSION",
            params: [],
            value: Some(
                "2.0",
            ),
        },
        ContentLine {
            name: "METHOD",
            params: [],
            value: Some(
                "PUBLISH",
            ),
        },
    ],
    events: [],
    alarms: [],
    todos: [
        IcalTodo {
            uid: "89b13d12c2142cc66192932e1e560ed344dfb174",
            properties: [
                ContentLine {
                    name: "UID",
                    params: [],
                    value: Some(
                        "89b13d12c2142cc66192932e1e560ed344dfb174",
                    ),
                },
                ContentLine {
                    name: "DTSTAMP",
                    params: [],
                    value: Some(
                        "20250726T112618Z",
                    ),
                },
                ContentLine {
                    name: "SUMMARY",
                    params: [],
                    value: Some(
                        "amazing task",
                    ),
                },
                ContentLine {
                    name: "DTSTART",
                    params: [
                        (
                            "VALUE",
                            [
                                "DATE",
                            ],
                        ),
                    ],
                    value: Some(
                        "20250804",
                    ),
                },
                ContentLine {
                    name: "DUE",
                    params: [
                        (
                            "VALUE",
                            [
                                "DATE",
                            ],
                        ),
                    ],
                    value: Some(
                        "20250819",
                    ),
                },
                ContentLine {
                    name: "PERCENT-COMPLETE",
                    params: [],
                    value: Some(
                        "0",
                    ),
                },
                ContentLine {
                    name: "CLASS",
                    params: [],
                    value: Some(
                        "PUBLIC",
                    ),
                },
                ContentLine {
                    name: "ESTIMATED-DURATION",
                    params: [],
                    value: Some(
                        "P1D",
                    ),
                },
                ContentLine {
                    name: "SEQUENCE",
                    params: [],
                    value: Some(
                        "1",
                    ),
                },
                ContentLine {
                    name: "CREATED",
                    params: [],
                    value: Some(
                        "20250726T130323Z",
                    ),
                },
                ContentLine {
                    name: "LAST-MODIFIED",
                    params: [],
                    value: Some(
                        "20250726T130323Z",
                    ),
                },
                ContentLine {
                    name: "X-EVOLUTION-CALDAV-ETAG",
                    params: [],
                    value: Some(
                        "302e353d3134d1104500f9d9153454e6e21c5da41ae8a5fd26f8b0d98ee34979",
                    ),
                },
            ],
            alarms: [],
        },
    ],
    journals: [],
    free_busys: [],
    vtimezones: [],
}
