---
source: src/builder/calendar.rs
expression: cal.generate()
---
BEGIN:VCALENDAR
VERSION:4.0
CALSCALE:GREGORIAN
PRODID:github.com/lennart-k/ical-rs
X-HELLO:Ok wow!
BEGIN:VEVENT
UID:asdasd
DTSTAMP:20250726T144426Z
DTSTART;TZID=Europe/Berlin:20250726T144426Z
DTEND;TZID=Europe/Berlin:20250726T144426Z
END:VEVENT
END:VCALENDAR
